interactions:
- request:
    body: null
    headers:
      Accept:
      - '*/*'
      Accept-Encoding:
      - gzip, deflate, br
      Connection:
      - keep-alive
      User-Agent:
      - python-requests/2.28.1
    method: GET
    uri: https://9f692df0338dcbc9848646c6.openapparel.org/health-check/
  response:
    body:
      string: '{"gazetteercache": {"ok": true}, "databases": [{"default": {"ok": true}}],
        "caches": [{"api_throttling": {"ok": true}}, {"default": {"ok": true}}]}'
    headers:
      Connection:
      - keep-alive
      Content-Length:
      - '147'
      Content-Type:
      - application/json
      Date:
      - Fri, 21 Oct 2022 14:09:07 GMT
      Referrer-Policy:
      - same-origin
      Server:
      - gunicorn
      Vary:
      - Cookie
      Via:
      - 1.1 79272ab9b399ee696b329d4f677dca48.cloudfront.net (CloudFront)
      X-Amz-Cf-Id:
      - Md4DyLl7tTSemqlcfadohGR6MBJ2ZE8O7Y_Zj9QuA-8jRGPk2fPf6Q==
      X-Amz-Cf-Pop:
      - FRA60-P3
      X-Cache:
      - Miss from cloudfront
      X-Content-Type-Options:
      - nosniff
    status:
      code: 200
      message: OK
- request:
    body: null
    headers:
      Accept-Encoding:
      - gzip, deflate, br
      Connection:
      - keep-alive
      User-Agent:
      - python-requests/2.28.1
      accept:
      - application/json
      authorization:
      - HIDDEN
    method: GET
    uri: https://9f692df0338dcbc9848646c6.openapparel.org/api/facilities/count/
  response:
    body:
      string: '{"count":109832}'
    headers:
      Allow:
      - GET, HEAD, OPTIONS
      Connection:
      - keep-alive
      Content-Length:
      - '16'
      Content-Type:
      - application/json
      Date:
      - Fri, 21 Oct 2022 14:09:07 GMT
      Referrer-Policy:
      - same-origin
      Server:
      - gunicorn
      Vary:
      - Accept
      Via:
      - 1.1 372875ad1ec20daf24f3f29f14a73cd0.cloudfront.net (CloudFront)
      X-Amz-Cf-Id:
      - 9Tp3QExvSFReCTuMBQ0SqaYmdYduq8hrNsVP6uexKqRVyhHzevUddw==
      X-Amz-Cf-Pop:
      - FRA60-P3
      X-Cache:
      - Miss from cloudfront
      X-Content-Type-Options:
      - nosniff
    status:
      code: 200
      message: OK
- request:
    body: null
    headers:
      Accept-Encoding:
      - gzip, deflate, br
      Connection:
      - keep-alive
      User-Agent:
      - python-requests/2.28.1
      accept:
      - application/json
      authorization:
      - HIDDEN
    method: GET
    uri: https://9f692df0338dcbc9848646c6.openapparel.org/api/facilities/inexistant/
  response:
    body:
      string: '{"detail":"Not found."}'
    headers:
      Allow:
      - GET, DELETE, HEAD, OPTIONS
      Connection:
      - keep-alive
      Content-Length:
      - '23'
      Content-Type:
      - application/json
      Date:
      - Fri, 21 Oct 2022 14:09:07 GMT
      Referrer-Policy:
      - same-origin
      Server:
      - gunicorn
      Vary:
      - Accept
      Via:
      - 1.1 dc0aad619823d3400ef947433d0af8fa.cloudfront.net (CloudFront)
      X-Amz-Cf-Id:
      - kr2a2Sr4A3BqKDGxwpdeVPvwg_G1PFk9yonJxZ3E7dvedx1DMZV0Yw==
      X-Amz-Cf-Pop:
      - FRA60-P3
      X-Cache:
      - Error from cloudfront
      X-Content-Type-Options:
      - nosniff
    status:
      code: 404
      message: Not Found
version: 1
